// Jest Snapshot v1, https://goo.gl/fbAQLP

exports[`renders Footer component without crashing 1`] = `
<DocumentFragment>
  <div>
    footer component
  </div>
</DocumentFragment>
`;
